[backblue.gif]
[fade.gif]
[index.html]
[cookcat.life/logo.png]
[cookcat.life/home.html]
[cookcat.life/index.html]
[cookcat.life/yindao/static/css/style.css]
[cookcat.life/yindao/static/js/script.js]
[cookcat.life/css/animate.css]
[cookcat.life/css/magic.min.css]
[cookcat.life/css/swiper.min.css]
[cookcat.life/css/css.css]
[cookcat.life/css/media.css]
[cookcat.life/images/loading.png]
[cookcat.life/images/logo2.png]
[cookcat.life/images/bj.jpg]
[cookcat.life/images/xia.png]
[cookcat.life/images/pf1.png]
[cookcat.life/images/pf2.png]
[cookcat.life/images/pf3.png]
[cookcat.life/images/pf4.png]
[cookcat.life/images/tit.png]
[cookcat.life/images/link1.png]
[cookcat.life/images/link2.png]
[cookcat.life/images/img1.png]
[cookcat.life/images/guangxiao.png]
[cookcat.life/video02.mp4]
[cookcat.life/shipin2.png]
[cookcat.life/images/onf-black-cat.gif]
[cookcat.life/images/ic1.png]
[cookcat.life/images/ic2.png]
[cookcat.life/images/ic3.png]
[cookcat.life/images/ic4.png]
[cookcat.life/images/001.png]
[cookcat.life/images/phone.png]
[cookcat.life/images/sg.png]
[cookcat.life/images/bl.png]
[cookcat.life/video01.mp4]
[cookcat.life/shipin.png]
[cookcat.life/images/006.png]
[cookcat.life/images/007.png]
[cookcat.life/images/008.png]
[cookcat.life/images/xk.png]
[cookcat.life/images/pic1.png]
[cookcat.life/images/pic2.png]
[cookcat.life/images/pic3.png]
[cookcat.life/images/pic4.png]
[cookcat.life/images/per.png]
[cookcat.life/images/R.gif]
[cookcat.life/images/yp.png]
[cookcat.life/images/ams5.png]
[cookcat.life/images/girl.png]
[cookcat.life/images/i1.png]
[cookcat.life/images/i2.png]
[cookcat.life/Dextools.png]
[cookcat.life/images/i3.png]
[cookcat.life/images/i5.png]
[cookcat.life/js/jquery.min.js]
[cookcat.life/js/swiper.min.js]
[cookcat.life/js/wow.min.js]
[cookcat.life/js/clipboard.min.js]
[cookcat.life/home.html]
[cookcat.life/css/animate.css]
[cookcat.life/css/magic.min.css]
[cookcat.life/css/swiper.min.css]
[cookcat.life/js/global.js]
[cookcat.life/fonts/Alfphabet-IV.ttf]
[cookcat.life/images/buy.png]
[cookcat.life/images/title.png]
[cookcat.life/images/li1.png]
[cookcat.life/images/line.png]
[cookcat.life/images/right.png]
[cookcat.life/images/left.png]
[cookcat.life/images/libg.png]
[cookcat.life/images/zmr.png]
[cookcat.life/images/jx.png]
[cookcat.life/images/line2.png]
[cookcat.life/images/gu.png]
[cookcat.life/images/ls2.png]
[cookcat.life/images/ls1.png]
[cookcat.life/images/blur.png]
[cookcat.life/images/close.png]
[cookcat.life/images/co.png]
[cookcat.life/css/css.css]
[cookcat.life/css/media.css]
[cookcat.life/images/51_icon_search@2x.html]
[cookcat.life/images/search2.html]
